
> build
> vite build

[@lovable.dev/vite-tanstack-config] No Lovable context detected — skipping nitro deploy plugin. Pass `nitro: true` (or `nitro: { ... }`) to force-enable.
node.exe : [33mThe plugin "vite-tsconfig-paths" is detected. Vite now supports tsconfig paths resolution natively via 
the [1mresolve.tsconfigPaths[22m option. You can remove the plugin and set [1mresolve.tsconfigPaths: true[22m in 
your Vite config instead.[39m
At line:1 char:1
+ & "C:\nvm4w\nodejs/node.exe" "C:\nvm4w\nodejs/node_modules/npm/bin/np ...
+ ~~~~~~~~~~~~~~~~~~~~~~~~~~~~~~~~~~~~~~~~~~~~~~~~~~~~~~~~~~~~~~~~~~~~~
    + CategoryInfo          : NotSpecified: ([33mThe plugin...g instead.[39m:String) [], RemoteException
    + FullyQualifiedErrorId : NativeCommandError
 
[@lovable.dev/vite-tanstack-config] No Lovable context detected — skipping nitro deploy plugin. Pass `nitro: true` (or `nitro: { ... }`) to force-enable.
[33mThe plugin "vite-tsconfig-paths" is detected. Vite now supports tsconfig paths resolution natively via the 
[1mresolve.tsconfigPaths[22m option. You can remove the plugin and set [1mresolve.tsconfigPaths: true[22m in your 
Vite config instead.[39m
[@lovable.dev/vite-tanstack-config] No Lovable context detected — skipping nitro deploy plugin. Pass `nitro: true` (or `nitro: { ... }`) to force-enable.
[33mThe plugin "vite-tsconfig-paths" is detected. Vite now supports tsconfig paths resolution natively via the 
[1mresolve.tsconfigPaths[22m option. You can remove the plugin and set [1mresolve.tsconfigPaths: true[22m in your 
Vite config instead.[39m
[36mvite v8.1.0 [32mbuilding client environment for production...[36m[39m
[2K
transforming...✓ 264 modules transformed.
rendering chunks...
computing gzip size...
dist/client/assets/styles-Dt0SyZsM.css                       90.55 kB │ gzip:  14.92 kB
dist/client/assets/_app-DXiL8Uu6.js                           0.07 kB │ gzip:   0.08 kB
dist/client/assets/_app.analytics-CV-6GGEG.js                 0.14 kB │ gzip:   0.13 kB
dist/client/assets/_app.applications-CV-6GGEG.js              0.14 kB │ gzip:   0.13 kB
dist/client/assets/_app.cover-letters-CV-6GGEG.js             0.14 kB │ gzip:   0.13 kB
dist/client/assets/_app.jobs-CV-6GGEG.js                      0.14 kB │ gzip:   0.13 kB
dist/client/assets/_app.resumes-CV-6GGEG.js                   0.14 kB │ gzip:   0.13 kB
dist/client/assets/profiles-CWleckSI.js                       0.45 kB │ gzip:   0.29 kB
dist/client/assets/textarea-D1zYHXVd.js                       0.54 kB │ gzip:   0.37 kB
dist/client/assets/logout-BjfrP-k8.js                         0.59 kB │ gzip:   0.35 kB
dist/client/assets/input-ChGh_q0I.js                          0.64 kB │ gzip:   0.40 kB
dist/client/assets/terms-CBCct7dD.js                          0.85 kB │ gzip:   0.50 kB
dist/client/assets/jsx-runtime-DGeXAQPT.js                    0.93 kB │ gzip:   0.55 kB
dist/client/assets/label-D-uyCpOq.js                          1.05 kB │ gzip:   0.62 kB
dist/client/assets/_app.settings-DdISayFd.js                  1.09 kB │ gzip:   0.60 kB
dist/client/assets/_app.notifications-CuvJjoj8.js             1.11 kB │ gzip:   0.56 kB
dist/client/assets/_app.applications.followups-ENftmzkf.js    1.20 kB │ gzip:   0.57 kB
dist/client/assets/_app.cover-letters.index-vgc0ZZOV.js       1.21 kB │ gzip:   0.62 kB
dist/client/assets/_app.settings.notifications-BdLwjkRB.js    1.24 kB │ gzip:   0.56 kB
dist/client/assets/help-WDYNyHk0.js                           1.29 kB │ gzip:   0.72 kB
dist/client/assets/privacy-MRkLX3bp.js                        1.34 kB │ gzip:   0.67 kB
dist/client/assets/verify-email-BfUJMJN7.js                   1.46 kB │ gzip:   0.87 kB
dist/client/assets/_app.applications.timeline-BwaOy3io.js     1.48 kB │ gzip:   0.75 kB
dist/client/assets/_app.ranking-CxWXrtMW.js                   1.54 kB │ gzip:   0.77 kB
dist/client/assets/_app.settings.privacy-DsF4213h.js          1.58 kB │ gzip:   0.56 kB
dist/client/assets/_app.analytics.skills-BRXv9VAy.js          1.63 kB │ gzip:   0.72 kB
dist/client/assets/_app.settings.resume-81-1fJed.js           1.63 kB │ gzip:   0.66 kB
dist/client/assets/forgot-password-BNudxoDC.js                1.76 kB │ gzip:   0.93 kB
dist/client/assets/_app.match-BET6vn23.js                     1.80 kB │ gzip:   0.84 kB
dist/client/assets/login-DjQ6Kb65.js                          1.91 kB │ gzip:   0.90 kB
dist/client/assets/_app.settings.index-CCSDZF1g.js            2.05 kB │ gzip:   0.69 kB
dist/client/assets/_app.batch-DZhQHXmA.js                     2.09 kB │ gzip:   0.91 kB
dist/client/assets/_app.jobs.history-BXeJ5FXd.js              2.11 kB │ gzip:   0.70 kB
dist/client/assets/_app.resumes.index-B1h9B0VL.js             2.13 kB │ gzip:   0.83 kB
dist/client/assets/_app.analytics.index-CQrBehlm.js           2.25 kB │ gzip:   0.97 kB
dist/client/assets/_app.resumes.profiles-BpbSsVaM.js          2.36 kB │ gzip:   1.05 kB
dist/client/assets/reset-password-DXMjS98X.js                 2.43 kB │ gzip:   1.13 kB
dist/client/assets/_app.analytics.market-BAAFVKJM.js          2.52 kB │ gzip:   0.96 kB
dist/client/assets/_app.applications.index-gmYC8z24.js        2.65 kB │ gzip:   1.04 kB
dist/client/assets/_app.cover-letters.builder-DOcM0aBr.js     2.69 kB │ gzip:   1.07 kB
dist/client/assets/_app.settings.ai-DwxTeECV.js               2.71 kB │ gzip:   0.84 kB
dist/client/assets/_app.jobs.import-D4shchls.js               3.15 kB │ gzip:   1.18 kB
dist/client/assets/_app.resumes.profile-editor-Tsq1dJki.js    3.39 kB │ gzip:   1.01 kB
dist/client/assets/register-CZWFu_gf.js                       3.55 kB │ gzip:   1.43 kB
dist/client/assets/react-dom-D7m2pT7X.js                      3.57 kB │ gzip:   1.35 kB
dist/client/assets/_app.applications._id-CnfWHxM7.js          3.74 kB │ gzip:   1.37 kB
dist/client/assets/button-DlHXk5dC.js                         4.12 kB │ gzip:   1.84 kB
dist/client/assets/_app.jobs.index-DRuvdshH.js                4.22 kB │ gzip:   1.27 kB
dist/client/assets/_app.resumes._id-CC4OjwDR.js               4.30 kB │ gzip:   1.36 kB
dist/client/assets/_app.jobs._jobId-cHvtRF6p.js               4.59 kB │ gzip:   1.60 kB
dist/client/assets/useMatch-iZ83dCqj.js                       4.88 kB │ gzip:   2.37 kB
dist/client/assets/_app.resumes.builder-CZ875fst.js           4.92 kB │ gzip:   1.62 kB
dist/client/assets/_app.dashboard-CejAo-g0.js                 5.11 kB │ gzip:   1.75 kB
dist/client/assets/routes-DV-u9exY.js                         6.35 kB │ gzip:   2.01 kB
dist/client/assets/react-3W8R1pOO.js                          7.52 kB │ gzip:   2.88 kB
dist/client/assets/mock-D8zvtwoO.js                           8.37 kB │ gzip:   3.23 kB
dist/client/assets/shell-BIWnV36b.js                          9.66 kB │ gzip:   2.66 kB
dist/client/assets/_app.resumes._id.editor-CWPitngv.js       16.66 kB │ gzip:   4.35 kB
dist/client/assets/matchContext-B96uZmDw.js                  19.79 kB │ gzip:   7.14 kB
dist/client/assets/bits-ENYx2Z8g.js                          32.79 kB │ gzip:   9.90 kB
dist/client/assets/index-CqKaOjKf.js                        325.58 kB │ gzip: 100.67 kB

[31m✗[39m Build failed in 34.41s
[31merror during build:
[31mBuild failed with 1 error:

Error: [vite]: Rolldown failed to resolve import "use-debounce" from "C:/Users/hp/Documents/Programming/Projects/SiraFi
t/frontend/src/routes/_app.resumes.$id.editor.tsx?tsr-split=component".
This is most likely unintended because it can break your application at runtime.
If you do want to externalize this module explicitly add it to
`build.rolldownOptions.external`
    at viteLog (file:///C:/Users/hp/Documents/Programming/Projects/SiraFit/frontend/node_modules/vite/dist/node/chunks/
node.js:32668:57)
    at 
file:///C:/Users/hp/Documents/Programming/Projects/SiraFit/frontend/node_modules/vite/dist/node/chunks/node.js:32704:71
    at onwarn (file:///C:/Users/hp/Documents/Programming/Projects/SiraFit/frontend/node_modules/@vitejs/plugin-react/di
st/index.js:76:7)
    at 
file:///C:/Users/hp/Documents/Programming/Projects/SiraFit/frontend/node_modules/vite/dist/node/chunks/node.js:32704:28
    at onRollupLog (file:///C:/Users/hp/Documents/Programming/Projects/SiraFit/frontend/node_modules/vite/dist/node/chu
nks/node.js:32699:63)
    at onLog (file:///C:/Users/hp/Documents/Programming/Projects/SiraFit/frontend/node_modules/vite/dist/node/chunks/no
de.js:32467:4)
    at file:///C:/Users/hp/Documents/Programming/Projects/SiraFit/frontend/node_modules/rolldown/dist/shared/rolldown-b
uild-DDMH4mGm.mjs:50:26
    at logger (file:///C:/Users/hp/Documents/Programming/Projects/SiraFit/frontend/node_modules/rolldown/dist/shared/ro
lldown-build-DDMH4mGm.mjs:41:3)[31m
    at aggregateBindingErrorsIntoJsError (file:///C:/Users/hp/Documents/Programming/Projects/SiraFit/frontend/node_modu
les/rolldown/dist/shared/error-T-E9reEy.mjs:48:18)
    at unwrapBindingResult (file:///C:/Users/hp/Documents/Programming/Projects/SiraFit/frontend/node_modules/rolldown/d
ist/shared/error-T-E9reEy.mjs:18:128)
    at #build (file:///C:/Users/hp/Documents/Programming/Projects/SiraFit/frontend/node_modules/rolldown/dist/shared/ro
lldown-build-DDMH4mGm.mjs:3256:34)
    at async buildEnvironment (file:///C:/Users/hp/Documents/Programming/Projects/SiraFit/frontend/node_modules/vite/di
st/node/chunks/node.js:32575:66)
    at async Object.build (file:///C:/Users/hp/Documents/Programming/Projects/SiraFit/frontend/node_modules/vite/dist/n
ode/chunks/node.js:32997:19)
    at async buildStartViteEnvironments (file:///C:/Users/hp/Documents/Programming/Projects/SiraFit/frontend/node_modul
es/@tanstack/start-plugin-core/dist/esm/vite/planning.js:95:23)
    at async Object.buildApp (file:///C:/Users/hp/Documents/Programming/Projects/SiraFit/frontend/node_modules/@tanstac
k/start-plugin-core/dist/esm/vite/plugin.js:113:8)
    at async Object.buildApp (file:///C:/Users/hp/Documents/Programming/Projects/SiraFit/frontend/node_modules/vite/dis
t/node/chunks/node.js:32989:6)
    at async CAC.<anonymous> 
(file:///C:/Users/hp/Documents/Programming/Projects/SiraFit/frontend/node_modules/vite/dist/node/cli.js:777:3) {
  errors: [Getter/Setter]
}[39m
